// Jest Snapshot v1, https://goo.gl/fbAQLP

exports[`App test renders initial App 1`] = `ReactWrapper {}`;
