// Jest Snapshot v1, https://goo.gl/fbAQLP

exports[`Frontend test renders HomePage 1`] = `ReactWrapper {}`;
