// Jest Snapshot v1, https://goo.gl/fbAQLP

exports[`Frontend test renders Home 1`] = `ReactWrapper {}`;
