// Jest Snapshot v1, https://goo.gl/fbAQLP

exports[`LuckyButton test Renders LuckyButton component 1`] = `ReactWrapper {}`;
