// Jest Snapshot v1, https://goo.gl/fbAQLP

exports[`Not Found Page test renders Not Found Page 1`] = `ReactWrapper {}`;
