// Jest Snapshot v1, https://goo.gl/fbAQLP

exports[`Restaurants Page test renders Restaurants Page 1`] = `ReactWrapper {}`;
