// Jest Snapshot v1, https://goo.gl/fbAQLP

exports[`Select test renders Select component 1`] = `ReactWrapper {}`;
