// Jest Snapshot v1, https://goo.gl/fbAQLP

exports[`Splash Page test renders Splash Page 1`] = `ReactWrapper {}`;
