// Jest Snapshot v1, https://goo.gl/fbAQLP

exports[`Frontend test renders learn react link 1`] = `[Function]`;
